
god09@DESKTOP-TUV5EJJ MINGW64 ~/Desktop/commit_practice2 (master)
$ git config --global user.email "god0937@naver.com"

god09@DESKTOP-TUV5EJJ MINGW64 ~/Desktop/commit_practice2 (master)
$ git config --global user.name "annej00"

god09@DESKTOP-TUV5EJJ MINGW64 ~/Desktop/commit_practice2 (master)
$ git config --global --list
user.email=god0937@naver.com
user.name=annej00~

god09@DESKTOP-TUV5EJJ MINGW64 ~/Desktop/commit_practice2 (master)
$ git init
Initialized empty Git repository in C:/Users/god09/Desktop/commit_practice2/.git/

god09@DESKTOP-TUV5EJJ MINGW64 ~/Desktop/commit_practice2 (master)
$ ls -a
'(실습)commit_practice.md'   ./   ../   .git/

god09@DESKTOP-TUV5EJJ MINGW64 ~/Desktop/commit_practice2 (master)
$ git status
On branch master

No commits yet

Untracked files:
  (use "git add <file>..." to include in what will be committed)
        "(\354\213\244\354\212\265)commit_practice.md"

nothing added to commit but untracked files present (use "git add" to track)

god09@DESKTOP-TUV5EJJ MINGW64 ~/Desktop/commit_practice2 (master)
$ git add commit_practice.md
fatal: pathspec 'commit_practice.md' did not match any files

god09@DESKTOP-TUV5EJJ MINGW64 ~/Desktop/commit_practice2 (master)
$ git status
On branch master

No commits yet

Untracked files:
  (use "git add <file>..." to include in what will be committed)
        "(\354\213\244\354\212\265)commit_practice.md"

nothing added to commit but untracked files present (use "git add" to track)

god09@DESKTOP-TUV5EJJ MINGW64 ~/Desktop/commit_practice2 (master)
$ git commit-m "initial commit"
git: 'commit-m' is not a git command. See 'git --help'.

The most similar command is
        commit-tree

god09@DESKTOP-TUV5EJJ MINGW64 ~/Desktop/commit_practice2 (master)
$ git commint-m "git status"
git: 'commint-m' is not a git command. See 'git --help'.

god09@DESKTOP-TUV5EJJ MINGW64 ~/Desktop/commit_practice2 (master)
$ git commit-m "initial commit"
git: 'commit-m' is not a git command. See 'git --help'.

The most similar command is
        commit-tree

god09@DESKTOP-TUV5EJJ MINGW64 ~/Desktop/commit_practice2 (master)
$ git log
fatal: your current branch 'master' does not have any commits yet

god09@DESKTOP-TUV5EJJ MINGW64 ~/Desktop/commit_practice2 (master)
$ git log --oneline
fatal: your current branch 'master' does not have any commits yet

god09@DESKTOP-TUV5EJJ MINGW64 ~/Desktop/commit_practice2 (master)
$



$git add .
$git commit -m "initial commit"